2026-08-18 13:14:31 | DEBUG    | src.scan | Input scan started | path=/home/sheigh/engineering_hub/02data_engineering/python-phase-2/python_optimized/zoezi_field/10procurement_delivery_compliance_pipeline/data/raw
2026-08-18 13:14:31 | INFO     | src.scan | Input scan completed | path=/home/sheigh/engineering_hub/02data_engineering/python-phase-2/python_optimized/zoezi_field/10procurement_delivery_compliance_pipeline/data/raw | files_discovered=6
2026-08-18 13:14:31 | DEBUG    | src.scan | Discovered input files | files=[PosixPath('/home/sheigh/engineering_hub/02data_engineering/python-phase-2/python_optimized/zoezi_field/10procurement_delivery_compliance_pipeline/data/raw/procurement_delivery_calgary_2026_08_12.json'), PosixPath('/home/sheigh/engineering_hub/02data_engineering/python-phase-2/python_optimized/zoezi_field/10procurement_delivery_compliance_pipeline/data/raw/procurement_delivery_edmonton_2026_08_12.json'), PosixPath('/home/sheigh/engineering_hub/02data_engineering/python-phase-2/python_optimized/zoezi_field/10procurement_delivery_compliance_pipeline/data/raw/procurement_delivery_fort_mcmurray_2026_08_12.json'), PosixPath('/home/sheigh/engineering_hub/02data_engineering/python-phase-2/python_optimized/zoezi_field/10procurement_delivery_compliance_pipeline/data/raw/procurement_delivery_grande_prairie_2026_08_12.json'), PosixPath('/home/sheigh/engineering_hub/02data_engineering/python-phase-2/python_optimized/zoezi_field/10procurement_delivery_compliance_pipeline/data/raw/procurement_delivery_lethbridge_2026_08_12.json'), PosixPath('/home/sheigh/engineering_hub/02data_engineering/python-phase-2/python_optimized/zoezi_field/10procurement_delivery_compliance_pipeline/data/raw/procurement_delivery_red_deer_2026_08_12.json')]
2026-08-18 13:14:31 | INFO     | src.process | Batch processing initiated | run_id=procure_20260818T191431Z | total_files=6
2026-08-18 13:14:31 | DEBUG    | src.process | File processing initiated | run_id=procure_20260818T191431Z | file=procurement_delivery_calgary_2026_08_12.json
2026-08-18 13:14:31 | INFO     | src.read | File read started | file=procurement_delivery_calgary_2026_08_12.json
2026-08-18 13:14:31 | INFO     | src.read | File read complete | file=procurement_delivery_calgary_2026_08_12.json
2026-08-18 13:14:31 | INFO     | src.extract | File extraction initiated
2026-08-18 13:14:31 | INFO     | src.extract | File extraction complete | raw_record_count=24
2026-08-18 13:14:31 | INFO     | src.extract | Batch_id extraction initiated
2026-08-18 13:14:31 | INFO     | src.extract | Batch_id extraction completed | batch_id=PROC-CALGARY-20260812-001
2026-08-18 13:14:31 | INFO     | src.extract | Depot extraction initiated
2026-08-18 13:14:31 | INFO     | src.extract | Depot extraction completed | depot=Calgary
2026-08-18 13:14:31 | DEBUG    | src.convert | Conversion initiated | input_record_count=24
2026-08-18 13:14:31 | INFO     | src.convert | Conversion completed | conversion_error_count=0
2026-08-18 13:14:31 | INFO     | src.invalid | Initial record screening initiated | total_converted_records=24
2026-08-18 13:14:31 | INFO     | src.invalid | Initial record screening completed | invalid_count=0
2026-08-18 13:14:31 | INFO     | src.valid | Record screening  & deduplication initiated
2026-08-18 13:14:31 | INFO     | src.valid | Record screening  & deduplication completed | valid_count=24 | duplicates_count=0
2026-08-18 13:14:31 | INFO     | src.transform | Transformation initiated
2026-08-18 13:14:31 | INFO     | src.transform | Transformation completed | transformed_count=0
2026-08-18 13:14:31 | INFO     | src.summary | Table summary initiated
2026-08-18 13:14:31 | INFO     | src.summary | Table summary completed | summary_count=0
2026-08-18 13:14:31 | DEBUG    | src.write | Output writing initiated | path=/home/sheigh/engineering_hub/02data_engineering/python-phase-2/python_optimized/zoezi_field/10procurement_delivery_compliance_pipeline/data/processed/valid/procurement_delivery_calgary_2026_08_12_valid.csv | file=procurement_delivery_calgary_2026_08_12_valid.csv | file_count=0
2026-08-18 13:14:31 | INFO     | src.write | Output writing initiated | path=/home/sheigh/engineering_hub/02data_engineering/python-phase-2/python_optimized/zoezi_field/10procurement_delivery_compliance_pipeline/data/processed/valid/procurement_delivery_calgary_2026_08_12_valid.csv | file=procurement_delivery_calgary_2026_08_12_valid.csv | file_count=0
2026-08-18 13:14:31 | DEBUG    | src.write | Output writing initiated | path=/home/sheigh/engineering_hub/02data_engineering/python-phase-2/python_optimized/zoezi_field/10procurement_delivery_compliance_pipeline/data/processed/invalid/procurement_delivery_calgary_2026_08_12_invalid.csv | file=procurement_delivery_calgary_2026_08_12_invalid.csv | file_count=0
2026-08-18 13:14:31 | INFO     | src.write | Output writing initiated | path=/home/sheigh/engineering_hub/02data_engineering/python-phase-2/python_optimized/zoezi_field/10procurement_delivery_compliance_pipeline/data/processed/invalid/procurement_delivery_calgary_2026_08_12_invalid.csv | file=procurement_delivery_calgary_2026_08_12_invalid.csv | file_count=0
2026-08-18 13:14:31 | DEBUG    | src.write | Output writing initiated | path=/home/sheigh/engineering_hub/02data_engineering/python-phase-2/python_optimized/zoezi_field/10procurement_delivery_compliance_pipeline/data/processed/duplicates/procurement_delivery_calgary_2026_08_12_duplicates.csv | file=procurement_delivery_calgary_2026_08_12_duplicates.csv | file_count=24
2026-08-18 13:14:31 | INFO     | src.write | Output writing initiated | path=/home/sheigh/engineering_hub/02data_engineering/python-phase-2/python_optimized/zoezi_field/10procurement_delivery_compliance_pipeline/data/processed/duplicates/procurement_delivery_calgary_2026_08_12_duplicates.csv | file=procurement_delivery_calgary_2026_08_12_duplicates.csv | file_count=24
2026-08-18 13:14:31 | DEBUG    | src.write | Output writing initiated | path=/home/sheigh/engineering_hub/02data_engineering/python-phase-2/python_optimized/zoezi_field/10procurement_delivery_compliance_pipeline/data/processed/transformed/procurement_delivery_calgary_2026_08_12_transformed.csv | file=procurement_delivery_calgary_2026_08_12_transformed.csv | file_count=0
2026-08-18 13:14:31 | INFO     | src.write | Output writing initiated | path=/home/sheigh/engineering_hub/02data_engineering/python-phase-2/python_optimized/zoezi_field/10procurement_delivery_compliance_pipeline/data/processed/transformed/procurement_delivery_calgary_2026_08_12_transformed.csv | file=procurement_delivery_calgary_2026_08_12_transformed.csv | file_count=0
2026-08-18 13:14:31 | DEBUG    | src.write | Output writing initiated | path=/home/sheigh/engineering_hub/02data_engineering/python-phase-2/python_optimized/zoezi_field/10procurement_delivery_compliance_pipeline/data/processed/summary/procurement_delivery_calgary_2026_08_12_summary.csv | file=procurement_delivery_calgary_2026_08_12_summary.csv | file_count=0
2026-08-18 13:14:31 | INFO     | src.write | Output writing initiated | path=/home/sheigh/engineering_hub/02data_engineering/python-phase-2/python_optimized/zoezi_field/10procurement_delivery_compliance_pipeline/data/processed/summary/procurement_delivery_calgary_2026_08_12_summary.csv | file=procurement_delivery_calgary_2026_08_12_summary.csv | file_count=0
2026-08-18 13:14:31 | DEBUG    | src.write | Output writing initiated | path=/home/sheigh/engineering_hub/02data_engineering/python-phase-2/python_optimized/zoezi_field/10procurement_delivery_compliance_pipeline/data/processed/run_summary/procurement_delivery_calgary_2026_08_12_metrics.csv | file=procurement_delivery_calgary_2026_08_12_metrics.csv | file_count=1
2026-08-18 13:14:31 | INFO     | src.write | Output writing initiated | path=/home/sheigh/engineering_hub/02data_engineering/python-phase-2/python_optimized/zoezi_field/10procurement_delivery_compliance_pipeline/data/processed/run_summary/procurement_delivery_calgary_2026_08_12_metrics.csv | file=procurement_delivery_calgary_2026_08_12_metrics.csv | file_count=1
2026-08-18 13:14:31 | ERROR    | src.process | File processing failed | run_id=procure_20260818T191431Z | file=procurement_delivery_calgary_2026_08_12.json | stage=write_file_metrics | status=unexpected error during write_file_metrics | error=TypeError | duration_seconds=0.006
Traceback (most recent call last):
  File "/home/sheigh/engineering_hub/02data_engineering/python-phase-2/python_optimized/zoezi_field/10procurement_delivery_compliance_pipeline/src/process.py", line 177, in process_one_file
    duration = perf_counter - file_start_time
               ~~~~~~~~~~~~~^~~~~~~~~~~~~~~~~
TypeError: unsupported operand type(s) for -: 'builtin_function_or_method' and 'float'
2026-08-18 13:14:31 | DEBUG    | src.process | File processing initiated | run_id=procure_20260818T191431Z | file=procurement_delivery_edmonton_2026_08_12.json
2026-08-18 13:14:31 | INFO     | src.read | File read started | file=procurement_delivery_edmonton_2026_08_12.json
2026-08-18 13:14:31 | INFO     | src.read | File read complete | file=procurement_delivery_edmonton_2026_08_12.json
2026-08-18 13:14:31 | INFO     | src.extract | File extraction initiated
2026-08-18 13:14:31 | INFO     | src.extract | File extraction complete | raw_record_count=24
2026-08-18 13:14:31 | INFO     | src.extract | Batch_id extraction initiated
2026-08-18 13:14:31 | INFO     | src.extract | Batch_id extraction completed | batch_id=PROC-EDMONTON-20260812-001
2026-08-18 13:14:31 | INFO     | src.extract | Depot extraction initiated
2026-08-18 13:14:31 | INFO     | src.extract | Depot extraction completed | depot=Edmonton
2026-08-18 13:14:31 | DEBUG    | src.convert | Conversion initiated | input_record_count=24
2026-08-18 13:14:31 | INFO     | src.convert | Conversion completed | conversion_error_count=1
2026-08-18 13:14:31 | INFO     | src.invalid | Initial record screening initiated | total_converted_records=24
2026-08-18 13:14:31 | INFO     | src.invalid | Initial record screening completed | invalid_count=5
2026-08-18 13:14:31 | INFO     | src.valid | Record screening  & deduplication initiated
2026-08-18 13:14:31 | INFO     | src.valid | Record screening  & deduplication completed | valid_count=17 | duplicates_count=2
2026-08-18 13:14:31 | INFO     | src.transform | Transformation initiated
2026-08-18 13:14:31 | INFO     | src.transform | Transformation completed | transformed_count=2
2026-08-18 13:14:31 | INFO     | src.summary | Table summary initiated
2026-08-18 13:14:31 | INFO     | src.summary | Table summary completed | summary_count=2
2026-08-18 13:14:31 | DEBUG    | src.write | Output writing initiated | path=/home/sheigh/engineering_hub/02data_engineering/python-phase-2/python_optimized/zoezi_field/10procurement_delivery_compliance_pipeline/data/processed/valid/procurement_delivery_edmonton_2026_08_12_valid.csv | file=procurement_delivery_edmonton_2026_08_12_valid.csv | file_count=2
2026-08-18 13:14:31 | INFO     | src.write | Output writing initiated | path=/home/sheigh/engineering_hub/02data_engineering/python-phase-2/python_optimized/zoezi_field/10procurement_delivery_compliance_pipeline/data/processed/valid/procurement_delivery_edmonton_2026_08_12_valid.csv | file=procurement_delivery_edmonton_2026_08_12_valid.csv | file_count=2
2026-08-18 13:14:31 | DEBUG    | src.write | Output writing initiated | path=/home/sheigh/engineering_hub/02data_engineering/python-phase-2/python_optimized/zoezi_field/10procurement_delivery_compliance_pipeline/data/processed/invalid/procurement_delivery_edmonton_2026_08_12_invalid.csv | file=procurement_delivery_edmonton_2026_08_12_invalid.csv | file_count=5
2026-08-18 13:14:31 | INFO     | src.write | Output writing initiated | path=/home/sheigh/engineering_hub/02data_engineering/python-phase-2/python_optimized/zoezi_field/10procurement_delivery_compliance_pipeline/data/processed/invalid/procurement_delivery_edmonton_2026_08_12_invalid.csv | file=procurement_delivery_edmonton_2026_08_12_invalid.csv | file_count=5
2026-08-18 13:14:31 | DEBUG    | src.write | Output writing initiated | path=/home/sheigh/engineering_hub/02data_engineering/python-phase-2/python_optimized/zoezi_field/10procurement_delivery_compliance_pipeline/data/processed/duplicates/procurement_delivery_edmonton_2026_08_12_duplicates.csv | file=procurement_delivery_edmonton_2026_08_12_duplicates.csv | file_count=17
2026-08-18 13:14:31 | INFO     | src.write | Output writing initiated | path=/home/sheigh/engineering_hub/02data_engineering/python-phase-2/python_optimized/zoezi_field/10procurement_delivery_compliance_pipeline/data/processed/duplicates/procurement_delivery_edmonton_2026_08_12_duplicates.csv | file=procurement_delivery_edmonton_2026_08_12_duplicates.csv | file_count=17
2026-08-18 13:14:31 | DEBUG    | src.write | Output writing initiated | path=/home/sheigh/engineering_hub/02data_engineering/python-phase-2/python_optimized/zoezi_field/10procurement_delivery_compliance_pipeline/data/processed/transformed/procurement_delivery_edmonton_2026_08_12_transformed.csv | file=procurement_delivery_edmonton_2026_08_12_transformed.csv | file_count=2
2026-08-18 13:14:31 | INFO     | src.write | Output writing initiated | path=/home/sheigh/engineering_hub/02data_engineering/python-phase-2/python_optimized/zoezi_field/10procurement_delivery_compliance_pipeline/data/processed/transformed/procurement_delivery_edmonton_2026_08_12_transformed.csv | file=procurement_delivery_edmonton_2026_08_12_transformed.csv | file_count=2
2026-08-18 13:14:31 | DEBUG    | src.write | Output writing initiated | path=/home/sheigh/engineering_hub/02data_engineering/python-phase-2/python_optimized/zoezi_field/10procurement_delivery_compliance_pipeline/data/processed/summary/procurement_delivery_edmonton_2026_08_12_summary.csv | file=procurement_delivery_edmonton_2026_08_12_summary.csv | file_count=2
2026-08-18 13:14:31 | INFO     | src.write | Output writing initiated | path=/home/sheigh/engineering_hub/02data_engineering/python-phase-2/python_optimized/zoezi_field/10procurement_delivery_compliance_pipeline/data/processed/summary/procurement_delivery_edmonton_2026_08_12_summary.csv | file=procurement_delivery_edmonton_2026_08_12_summary.csv | file_count=2
2026-08-18 13:14:31 | DEBUG    | src.write | Output writing initiated | path=/home/sheigh/engineering_hub/02data_engineering/python-phase-2/python_optimized/zoezi_field/10procurement_delivery_compliance_pipeline/data/processed/run_summary/procurement_delivery_edmonton_2026_08_12_metrics.csv | file=procurement_delivery_edmonton_2026_08_12_metrics.csv | file_count=1
2026-08-18 13:14:31 | INFO     | src.write | Output writing initiated | path=/home/sheigh/engineering_hub/02data_engineering/python-phase-2/python_optimized/zoezi_field/10procurement_delivery_compliance_pipeline/data/processed/run_summary/procurement_delivery_edmonton_2026_08_12_metrics.csv | file=procurement_delivery_edmonton_2026_08_12_metrics.csv | file_count=1
2026-08-18 13:14:31 | ERROR    | src.process | File processing failed | run_id=procure_20260818T191431Z | file=procurement_delivery_edmonton_2026_08_12.json | stage=write_file_metrics | status=unexpected error during write_file_metrics | error=TypeError | duration_seconds=0.004
Traceback (most recent call last):
  File "/home/sheigh/engineering_hub/02data_engineering/python-phase-2/python_optimized/zoezi_field/10procurement_delivery_compliance_pipeline/src/process.py", line 177, in process_one_file
    duration = perf_counter - file_start_time
               ~~~~~~~~~~~~~^~~~~~~~~~~~~~~~~
TypeError: unsupported operand type(s) for -: 'builtin_function_or_method' and 'float'
2026-08-18 13:14:31 | DEBUG    | src.process | File processing initiated | run_id=procure_20260818T191431Z | file=procurement_delivery_fort_mcmurray_2026_08_12.json
2026-08-18 13:14:31 | INFO     | src.read | File read started | file=procurement_delivery_fort_mcmurray_2026_08_12.json
2026-08-18 13:14:31 | INFO     | src.read | File read complete | file=procurement_delivery_fort_mcmurray_2026_08_12.json
2026-08-18 13:14:31 | INFO     | src.extract | File extraction initiated
2026-08-18 13:14:31 | INFO     | src.extract | File extraction complete | raw_record_count=21
2026-08-18 13:14:31 | INFO     | src.extract | Batch_id extraction initiated
2026-08-18 13:14:31 | INFO     | src.extract | Batch_id extraction completed | batch_id=PROC-FORTMAC-20260812-001
2026-08-18 13:14:31 | INFO     | src.extract | Depot extraction initiated
2026-08-18 13:14:31 | INFO     | src.extract | Depot extraction completed | depot=Fort McMurray
2026-08-18 13:14:31 | DEBUG    | src.convert | Conversion initiated | input_record_count=21
2026-08-18 13:14:31 | INFO     | src.convert | Conversion completed | conversion_error_count=0
2026-08-18 13:14:31 | INFO     | src.invalid | Initial record screening initiated | total_converted_records=21
2026-08-18 13:14:31 | INFO     | src.invalid | Initial record screening completed | invalid_count=0
2026-08-18 13:14:31 | INFO     | src.valid | Record screening  & deduplication initiated
2026-08-18 13:14:31 | INFO     | src.valid | Record screening  & deduplication completed | valid_count=21 | duplicates_count=0
2026-08-18 13:14:31 | INFO     | src.transform | Transformation initiated
2026-08-18 13:14:31 | INFO     | src.transform | Transformation completed | transformed_count=0
2026-08-18 13:14:31 | INFO     | src.summary | Table summary initiated
2026-08-18 13:14:31 | INFO     | src.summary | Table summary completed | summary_count=0
2026-08-18 13:14:31 | DEBUG    | src.write | Output writing initiated | path=/home/sheigh/engineering_hub/02data_engineering/python-phase-2/python_optimized/zoezi_field/10procurement_delivery_compliance_pipeline/data/processed/valid/procurement_delivery_fort_mcmurray_2026_08_12_valid.csv | file=procurement_delivery_fort_mcmurray_2026_08_12_valid.csv | file_count=0
2026-08-18 13:14:31 | INFO     | src.write | Output writing initiated | path=/home/sheigh/engineering_hub/02data_engineering/python-phase-2/python_optimized/zoezi_field/10procurement_delivery_compliance_pipeline/data/processed/valid/procurement_delivery_fort_mcmurray_2026_08_12_valid.csv | file=procurement_delivery_fort_mcmurray_2026_08_12_valid.csv | file_count=0
2026-08-18 13:14:31 | DEBUG    | src.write | Output writing initiated | path=/home/sheigh/engineering_hub/02data_engineering/python-phase-2/python_optimized/zoezi_field/10procurement_delivery_compliance_pipeline/data/processed/invalid/procurement_delivery_fort_mcmurray_2026_08_12_invalid.csv | file=procurement_delivery_fort_mcmurray_2026_08_12_invalid.csv | file_count=0
2026-08-18 13:14:31 | INFO     | src.write | Output writing initiated | path=/home/sheigh/engineering_hub/02data_engineering/python-phase-2/python_optimized/zoezi_field/10procurement_delivery_compliance_pipeline/data/processed/invalid/procurement_delivery_fort_mcmurray_2026_08_12_invalid.csv | file=procurement_delivery_fort_mcmurray_2026_08_12_invalid.csv | file_count=0
2026-08-18 13:14:31 | DEBUG    | src.write | Output writing initiated | path=/home/sheigh/engineering_hub/02data_engineering/python-phase-2/python_optimized/zoezi_field/10procurement_delivery_compliance_pipeline/data/processed/duplicates/procurement_delivery_fort_mcmurray_2026_08_12_duplicates.csv | file=procurement_delivery_fort_mcmurray_2026_08_12_duplicates.csv | file_count=21
2026-08-18 13:14:31 | INFO     | src.write | Output writing initiated | path=/home/sheigh/engineering_hub/02data_engineering/python-phase-2/python_optimized/zoezi_field/10procurement_delivery_compliance_pipeline/data/processed/duplicates/procurement_delivery_fort_mcmurray_2026_08_12_duplicates.csv | file=procurement_delivery_fort_mcmurray_2026_08_12_duplicates.csv | file_count=21
2026-08-18 13:14:31 | DEBUG    | src.write | Output writing initiated | path=/home/sheigh/engineering_hub/02data_engineering/python-phase-2/python_optimized/zoezi_field/10procurement_delivery_compliance_pipeline/data/processed/transformed/procurement_delivery_fort_mcmurray_2026_08_12_transformed.csv | file=procurement_delivery_fort_mcmurray_2026_08_12_transformed.csv | file_count=0
2026-08-18 13:14:31 | INFO     | src.write | Output writing initiated | path=/home/sheigh/engineering_hub/02data_engineering/python-phase-2/python_optimized/zoezi_field/10procurement_delivery_compliance_pipeline/data/processed/transformed/procurement_delivery_fort_mcmurray_2026_08_12_transformed.csv | file=procurement_delivery_fort_mcmurray_2026_08_12_transformed.csv | file_count=0
2026-08-18 13:14:31 | DEBUG    | src.write | Output writing initiated | path=/home/sheigh/engineering_hub/02data_engineering/python-phase-2/python_optimized/zoezi_field/10procurement_delivery_compliance_pipeline/data/processed/summary/procurement_delivery_fort_mcmurray_2026_08_12_summary.csv | file=procurement_delivery_fort_mcmurray_2026_08_12_summary.csv | file_count=0
2026-08-18 13:14:31 | INFO     | src.write | Output writing initiated | path=/home/sheigh/engineering_hub/02data_engineering/python-phase-2/python_optimized/zoezi_field/10procurement_delivery_compliance_pipeline/data/processed/summary/procurement_delivery_fort_mcmurray_2026_08_12_summary.csv | file=procurement_delivery_fort_mcmurray_2026_08_12_summary.csv | file_count=0
2026-08-18 13:14:31 | DEBUG    | src.write | Output writing initiated | path=/home/sheigh/engineering_hub/02data_engineering/python-phase-2/python_optimized/zoezi_field/10procurement_delivery_compliance_pipeline/data/processed/run_summary/procurement_delivery_fort_mcmurray_2026_08_12_metrics.csv | file=procurement_delivery_fort_mcmurray_2026_08_12_metrics.csv | file_count=1
2026-08-18 13:14:31 | INFO     | src.write | Output writing initiated | path=/home/sheigh/engineering_hub/02data_engineering/python-phase-2/python_optimized/zoezi_field/10procurement_delivery_compliance_pipeline/data/processed/run_summary/procurement_delivery_fort_mcmurray_2026_08_12_metrics.csv | file=procurement_delivery_fort_mcmurray_2026_08_12_metrics.csv | file_count=1
2026-08-18 13:14:31 | ERROR    | src.process | File processing failed | run_id=procure_20260818T191431Z | file=procurement_delivery_fort_mcmurray_2026_08_12.json | stage=write_file_metrics | status=unexpected error during write_file_metrics | error=TypeError | duration_seconds=0.004
Traceback (most recent call last):
  File "/home/sheigh/engineering_hub/02data_engineering/python-phase-2/python_optimized/zoezi_field/10procurement_delivery_compliance_pipeline/src/process.py", line 177, in process_one_file
    duration = perf_counter - file_start_time
               ~~~~~~~~~~~~~^~~~~~~~~~~~~~~~~
TypeError: unsupported operand type(s) for -: 'builtin_function_or_method' and 'float'
2026-08-18 13:14:31 | DEBUG    | src.process | File processing initiated | run_id=procure_20260818T191431Z | file=procurement_delivery_grande_prairie_2026_08_12.json
2026-08-18 13:14:31 | INFO     | src.read | File read started | file=procurement_delivery_grande_prairie_2026_08_12.json
2026-08-18 13:14:31 | ERROR    | src.process | File processing failed | run_id=procure_20260818T191431Z | file=procurement_delivery_grande_prairie_2026_08_12.json | stage=read | status=JSON parsing errors | error=JSONDecodeError | duration_seconds=0.000
Traceback (most recent call last):
  File "/home/sheigh/engineering_hub/02data_engineering/python-phase-2/python_optimized/zoezi_field/10procurement_delivery_compliance_pipeline/src/process.py", line 92, in process_one_file
    raw = read_file(file_path)
  File "/home/sheigh/engineering_hub/02data_engineering/python-phase-2/python_optimized/zoezi_field/10procurement_delivery_compliance_pipeline/src/read.py", line 17, in read_file
    raw = json.load(file)
  File "/usr/lib/python3.14/json/__init__.py", line 298, in load
    return loads(fp.read(),
        cls=cls, object_hook=object_hook,
        parse_float=parse_float, parse_int=parse_int,
        parse_constant=parse_constant, object_pairs_hook=object_pairs_hook, **kw)
  File "/usr/lib/python3.14/json/__init__.py", line 352, in loads
    return _default_decoder.decode(s)
           ~~~~~~~~~~~~~~~~~~~~~~~^^^
  File "/usr/lib/python3.14/json/decoder.py", line 345, in decode
    obj, end = self.raw_decode(s, idx=_w(s, 0).end())
               ~~~~~~~~~~~~~~~^^^^^^^^^^^^^^^^^^^^^^^
  File "/usr/lib/python3.14/json/decoder.py", line 361, in raw_decode
    obj, end = self.scan_once(s, idx)
               ~~~~~~~~~~~~~~^^^^^^^^
json.decoder.JSONDecodeError: Expecting ',' delimiter: line 306 column 1 (char 11549)
2026-08-18 13:14:31 | DEBUG    | src.process | File processing initiated | run_id=procure_20260818T191431Z | file=procurement_delivery_lethbridge_2026_08_12.json
2026-08-18 13:14:31 | INFO     | src.read | File read started | file=procurement_delivery_lethbridge_2026_08_12.json
2026-08-18 13:14:31 | INFO     | src.read | File read complete | file=procurement_delivery_lethbridge_2026_08_12.json
2026-08-18 13:14:31 | INFO     | src.extract | File extraction initiated
2026-08-18 13:14:31 | INFO     | src.extract | File extraction complete | raw_record_count=24
2026-08-18 13:14:31 | INFO     | src.extract | Batch_id extraction initiated
2026-08-18 13:14:31 | INFO     | src.extract | Batch_id extraction completed | batch_id=PROC-LETHBRIDGE-20260812-001
2026-08-18 13:14:31 | INFO     | src.extract | Depot extraction initiated
2026-08-18 13:14:31 | INFO     | src.extract | Depot extraction completed | depot=Lethbridge
2026-08-18 13:14:31 | DEBUG    | src.convert | Conversion initiated | input_record_count=24
2026-08-18 13:14:31 | INFO     | src.convert | Conversion completed | conversion_error_count=0
2026-08-18 13:14:31 | INFO     | src.invalid | Initial record screening initiated | total_converted_records=24
2026-08-18 13:14:31 | INFO     | src.invalid | Initial record screening completed | invalid_count=0
2026-08-18 13:14:31 | INFO     | src.valid | Record screening  & deduplication initiated
2026-08-18 13:14:31 | INFO     | src.valid | Record screening  & deduplication completed | valid_count=24 | duplicates_count=0
2026-08-18 13:14:31 | INFO     | src.transform | Transformation initiated
2026-08-18 13:14:31 | INFO     | src.transform | Transformation completed | transformed_count=0
2026-08-18 13:14:31 | INFO     | src.summary | Table summary initiated
2026-08-18 13:14:31 | INFO     | src.summary | Table summary completed | summary_count=0
2026-08-18 13:14:31 | DEBUG    | src.write | Output writing initiated | path=/home/sheigh/engineering_hub/02data_engineering/python-phase-2/python_optimized/zoezi_field/10procurement_delivery_compliance_pipeline/data/processed/valid/procurement_delivery_lethbridge_2026_08_12_valid.csv | file=procurement_delivery_lethbridge_2026_08_12_valid.csv | file_count=0
2026-08-18 13:14:31 | INFO     | src.write | Output writing initiated | path=/home/sheigh/engineering_hub/02data_engineering/python-phase-2/python_optimized/zoezi_field/10procurement_delivery_compliance_pipeline/data/processed/valid/procurement_delivery_lethbridge_2026_08_12_valid.csv | file=procurement_delivery_lethbridge_2026_08_12_valid.csv | file_count=0
2026-08-18 13:14:31 | DEBUG    | src.write | Output writing initiated | path=/home/sheigh/engineering_hub/02data_engineering/python-phase-2/python_optimized/zoezi_field/10procurement_delivery_compliance_pipeline/data/processed/invalid/procurement_delivery_lethbridge_2026_08_12_invalid.csv | file=procurement_delivery_lethbridge_2026_08_12_invalid.csv | file_count=0
2026-08-18 13:14:31 | INFO     | src.write | Output writing initiated | path=/home/sheigh/engineering_hub/02data_engineering/python-phase-2/python_optimized/zoezi_field/10procurement_delivery_compliance_pipeline/data/processed/invalid/procurement_delivery_lethbridge_2026_08_12_invalid.csv | file=procurement_delivery_lethbridge_2026_08_12_invalid.csv | file_count=0
2026-08-18 13:14:31 | DEBUG    | src.write | Output writing initiated | path=/home/sheigh/engineering_hub/02data_engineering/python-phase-2/python_optimized/zoezi_field/10procurement_delivery_compliance_pipeline/data/processed/duplicates/procurement_delivery_lethbridge_2026_08_12_duplicates.csv | file=procurement_delivery_lethbridge_2026_08_12_duplicates.csv | file_count=24
2026-08-18 13:14:31 | INFO     | src.write | Output writing initiated | path=/home/sheigh/engineering_hub/02data_engineering/python-phase-2/python_optimized/zoezi_field/10procurement_delivery_compliance_pipeline/data/processed/duplicates/procurement_delivery_lethbridge_2026_08_12_duplicates.csv | file=procurement_delivery_lethbridge_2026_08_12_duplicates.csv | file_count=24
2026-08-18 13:14:31 | DEBUG    | src.write | Output writing initiated | path=/home/sheigh/engineering_hub/02data_engineering/python-phase-2/python_optimized/zoezi_field/10procurement_delivery_compliance_pipeline/data/processed/transformed/procurement_delivery_lethbridge_2026_08_12_transformed.csv | file=procurement_delivery_lethbridge_2026_08_12_transformed.csv | file_count=0
2026-08-18 13:14:31 | INFO     | src.write | Output writing initiated | path=/home/sheigh/engineering_hub/02data_engineering/python-phase-2/python_optimized/zoezi_field/10procurement_delivery_compliance_pipeline/data/processed/transformed/procurement_delivery_lethbridge_2026_08_12_transformed.csv | file=procurement_delivery_lethbridge_2026_08_12_transformed.csv | file_count=0
2026-08-18 13:14:31 | DEBUG    | src.write | Output writing initiated | path=/home/sheigh/engineering_hub/02data_engineering/python-phase-2/python_optimized/zoezi_field/10procurement_delivery_compliance_pipeline/data/processed/summary/procurement_delivery_lethbridge_2026_08_12_summary.csv | file=procurement_delivery_lethbridge_2026_08_12_summary.csv | file_count=0
2026-08-18 13:14:31 | INFO     | src.write | Output writing initiated | path=/home/sheigh/engineering_hub/02data_engineering/python-phase-2/python_optimized/zoezi_field/10procurement_delivery_compliance_pipeline/data/processed/summary/procurement_delivery_lethbridge_2026_08_12_summary.csv | file=procurement_delivery_lethbridge_2026_08_12_summary.csv | file_count=0
2026-08-18 13:14:31 | DEBUG    | src.write | Output writing initiated | path=/home/sheigh/engineering_hub/02data_engineering/python-phase-2/python_optimized/zoezi_field/10procurement_delivery_compliance_pipeline/data/processed/run_summary/procurement_delivery_lethbridge_2026_08_12_metrics.csv | file=procurement_delivery_lethbridge_2026_08_12_metrics.csv | file_count=1
2026-08-18 13:14:31 | INFO     | src.write | Output writing initiated | path=/home/sheigh/engineering_hub/02data_engineering/python-phase-2/python_optimized/zoezi_field/10procurement_delivery_compliance_pipeline/data/processed/run_summary/procurement_delivery_lethbridge_2026_08_12_metrics.csv | file=procurement_delivery_lethbridge_2026_08_12_metrics.csv | file_count=1
2026-08-18 13:14:31 | ERROR    | src.process | File processing failed | run_id=procure_20260818T191431Z | file=procurement_delivery_lethbridge_2026_08_12.json | stage=write_file_metrics | status=unexpected error during write_file_metrics | error=TypeError | duration_seconds=0.003
Traceback (most recent call last):
  File "/home/sheigh/engineering_hub/02data_engineering/python-phase-2/python_optimized/zoezi_field/10procurement_delivery_compliance_pipeline/src/process.py", line 177, in process_one_file
    duration = perf_counter - file_start_time
               ~~~~~~~~~~~~~^~~~~~~~~~~~~~~~~
TypeError: unsupported operand type(s) for -: 'builtin_function_or_method' and 'float'
2026-08-18 13:14:31 | DEBUG    | src.process | File processing initiated | run_id=procure_20260818T191431Z | file=procurement_delivery_red_deer_2026_08_12.json
2026-08-18 13:14:31 | INFO     | src.read | File read started | file=procurement_delivery_red_deer_2026_08_12.json
2026-08-18 13:14:31 | INFO     | src.read | File read complete | file=procurement_delivery_red_deer_2026_08_12.json
2026-08-18 13:14:31 | INFO     | src.extract | File extraction initiated
2026-08-18 13:14:31 | INFO     | src.extract | File extraction complete | raw_record_count=22
2026-08-18 13:14:31 | INFO     | src.extract | Batch_id extraction initiated
2026-08-18 13:14:31 | INFO     | src.extract | Batch_id extraction completed | batch_id=PROC-REDDEER-20260812-001
2026-08-18 13:14:31 | INFO     | src.extract | Depot extraction initiated
2026-08-18 13:14:31 | INFO     | src.extract | Depot extraction completed | depot=Red Deer
2026-08-18 13:14:31 | DEBUG    | src.convert | Conversion initiated | input_record_count=22
2026-08-18 13:14:31 | INFO     | src.convert | Conversion completed | conversion_error_count=3
2026-08-18 13:14:31 | INFO     | src.invalid | Initial record screening initiated | total_converted_records=22
2026-08-18 13:14:31 | INFO     | src.invalid | Initial record screening completed | invalid_count=6
2026-08-18 13:14:31 | INFO     | src.valid | Record screening  & deduplication initiated
2026-08-18 13:14:31 | INFO     | src.valid | Record screening  & deduplication completed | valid_count=16 | duplicates_count=0
2026-08-18 13:14:31 | INFO     | src.transform | Transformation initiated
2026-08-18 13:14:31 | INFO     | src.transform | Transformation completed | transformed_count=0
2026-08-18 13:14:31 | INFO     | src.summary | Table summary initiated
2026-08-18 13:14:31 | INFO     | src.summary | Table summary completed | summary_count=0
2026-08-18 13:14:31 | DEBUG    | src.write | Output writing initiated | path=/home/sheigh/engineering_hub/02data_engineering/python-phase-2/python_optimized/zoezi_field/10procurement_delivery_compliance_pipeline/data/processed/valid/procurement_delivery_red_deer_2026_08_12_valid.csv | file=procurement_delivery_red_deer_2026_08_12_valid.csv | file_count=0
2026-08-18 13:14:31 | INFO     | src.write | Output writing initiated | path=/home/sheigh/engineering_hub/02data_engineering/python-phase-2/python_optimized/zoezi_field/10procurement_delivery_compliance_pipeline/data/processed/valid/procurement_delivery_red_deer_2026_08_12_valid.csv | file=procurement_delivery_red_deer_2026_08_12_valid.csv | file_count=0
2026-08-18 13:14:31 | DEBUG    | src.write | Output writing initiated | path=/home/sheigh/engineering_hub/02data_engineering/python-phase-2/python_optimized/zoezi_field/10procurement_delivery_compliance_pipeline/data/processed/invalid/procurement_delivery_red_deer_2026_08_12_invalid.csv | file=procurement_delivery_red_deer_2026_08_12_invalid.csv | file_count=6
2026-08-18 13:14:31 | INFO     | src.write | Output writing initiated | path=/home/sheigh/engineering_hub/02data_engineering/python-phase-2/python_optimized/zoezi_field/10procurement_delivery_compliance_pipeline/data/processed/invalid/procurement_delivery_red_deer_2026_08_12_invalid.csv | file=procurement_delivery_red_deer_2026_08_12_invalid.csv | file_count=6
2026-08-18 13:14:31 | DEBUG    | src.write | Output writing initiated | path=/home/sheigh/engineering_hub/02data_engineering/python-phase-2/python_optimized/zoezi_field/10procurement_delivery_compliance_pipeline/data/processed/duplicates/procurement_delivery_red_deer_2026_08_12_duplicates.csv | file=procurement_delivery_red_deer_2026_08_12_duplicates.csv | file_count=16
2026-08-18 13:14:31 | INFO     | src.write | Output writing initiated | path=/home/sheigh/engineering_hub/02data_engineering/python-phase-2/python_optimized/zoezi_field/10procurement_delivery_compliance_pipeline/data/processed/duplicates/procurement_delivery_red_deer_2026_08_12_duplicates.csv | file=procurement_delivery_red_deer_2026_08_12_duplicates.csv | file_count=16
2026-08-18 13:14:31 | DEBUG    | src.write | Output writing initiated | path=/home/sheigh/engineering_hub/02data_engineering/python-phase-2/python_optimized/zoezi_field/10procurement_delivery_compliance_pipeline/data/processed/transformed/procurement_delivery_red_deer_2026_08_12_transformed.csv | file=procurement_delivery_red_deer_2026_08_12_transformed.csv | file_count=0
2026-08-18 13:14:31 | INFO     | src.write | Output writing initiated | path=/home/sheigh/engineering_hub/02data_engineering/python-phase-2/python_optimized/zoezi_field/10procurement_delivery_compliance_pipeline/data/processed/transformed/procurement_delivery_red_deer_2026_08_12_transformed.csv | file=procurement_delivery_red_deer_2026_08_12_transformed.csv | file_count=0
2026-08-18 13:14:31 | DEBUG    | src.write | Output writing initiated | path=/home/sheigh/engineering_hub/02data_engineering/python-phase-2/python_optimized/zoezi_field/10procurement_delivery_compliance_pipeline/data/processed/summary/procurement_delivery_red_deer_2026_08_12_summary.csv | file=procurement_delivery_red_deer_2026_08_12_summary.csv | file_count=0
2026-08-18 13:14:31 | INFO     | src.write | Output writing initiated | path=/home/sheigh/engineering_hub/02data_engineering/python-phase-2/python_optimized/zoezi_field/10procurement_delivery_compliance_pipeline/data/processed/summary/procurement_delivery_red_deer_2026_08_12_summary.csv | file=procurement_delivery_red_deer_2026_08_12_summary.csv | file_count=0
2026-08-18 13:14:31 | DEBUG    | src.write | Output writing initiated | path=/home/sheigh/engineering_hub/02data_engineering/python-phase-2/python_optimized/zoezi_field/10procurement_delivery_compliance_pipeline/data/processed/run_summary/procurement_delivery_red_deer_2026_08_12_metrics.csv | file=procurement_delivery_red_deer_2026_08_12_metrics.csv | file_count=1
2026-08-18 13:14:31 | INFO     | src.write | Output writing initiated | path=/home/sheigh/engineering_hub/02data_engineering/python-phase-2/python_optimized/zoezi_field/10procurement_delivery_compliance_pipeline/data/processed/run_summary/procurement_delivery_red_deer_2026_08_12_metrics.csv | file=procurement_delivery_red_deer_2026_08_12_metrics.csv | file_count=1
2026-08-18 13:14:31 | ERROR    | src.process | File processing failed | run_id=procure_20260818T191431Z | file=procurement_delivery_red_deer_2026_08_12.json | stage=write_file_metrics | status=unexpected error during write_file_metrics | error=TypeError | duration_seconds=0.004
Traceback (most recent call last):
  File "/home/sheigh/engineering_hub/02data_engineering/python-phase-2/python_optimized/zoezi_field/10procurement_delivery_compliance_pipeline/src/process.py", line 177, in process_one_file
    duration = perf_counter - file_start_time
               ~~~~~~~~~~~~~^~~~~~~~~~~~~~~~~
TypeError: unsupported operand type(s) for -: 'builtin_function_or_method' and 'float'
2026-08-18 13:14:31 | INFO     | src.process | Batch process complete | run_id=procure_20260818T191431Z | total_files=6
2026-08-18 13:14:31 | DEBUG    | src.write | Output writing initiated | path=/home/sheigh/engineering_hub/02data_engineering/python-phase-2/python_optimized/zoezi_field/10procurement_delivery_compliance_pipeline/data/processed/run_summary/all_files_summary.csv | file=all_files_summary.csv | file_count=6
2026-08-18 13:14:31 | INFO     | src.write | Output writing initiated | path=/home/sheigh/engineering_hub/02data_engineering/python-phase-2/python_optimized/zoezi_field/10procurement_delivery_compliance_pipeline/data/processed/run_summary/all_files_summary.csv | file=all_files_summary.csv | file_count=6
2026-08-18 13:14:31 | ERROR    | root | unhandled pipeline failure | pipeline_name=procurement_delivery_compliance pipeline | run_id=procure_20260818T191431Z
Traceback (most recent call last):
  File "/home/sheigh/engineering_hub/02data_engineering/python-phase-2/python_optimized/zoezi_field/10procurement_delivery_compliance_pipeline/src/execute.py", line 47, in <module>
    pipeline_metrics = execute_procurement_delivery_compliance_pipeline(run_id)
  File "/home/sheigh/engineering_hub/02data_engineering/python-phase-2/python_optimized/zoezi_field/10procurement_delivery_compliance_pipeline/src/execute.py", line 28, in execute_procurement_delivery_compliance_pipeline
    pipeline_metrics = pipeline_summary(file_results)
TypeError: pipeline_summary() missing 1 required positional argument: 'run_id'
