2026-09-04 23:00:36 | INFO     | __main__ | Pipeline processing initiated | run_id=inbound_20260905T050036Z | pipeline=Inbound_receiving_asn_compliance_pipeline
2026-09-04 23:00:36 | DEBUG    | src.scan | Input scanning initiated | path=/home/sheigh/engineering_hub/02data_engineering/python-phase-2/python_optimized/zoezi_field/11inbound_receiving_asn_compliance_pipeline/data/raw
2026-09-04 23:00:36 | DEBUG    | src.scan | Input scanning completed | files_discovered=7 | files=[PosixPath('/home/sheigh/engineering_hub/02data_engineering/python-phase-2/python_optimized/zoezi_field/11inbound_receiving_asn_compliance_pipeline/data/raw/inbound_receipts_calgary_2026_08_25.json'), PosixPath('/home/sheigh/engineering_hub/02data_engineering/python-phase-2/python_optimized/zoezi_field/11inbound_receiving_asn_compliance_pipeline/data/raw/inbound_receipts_edmonton_2026_08_25.json'), PosixPath('/home/sheigh/engineering_hub/02data_engineering/python-phase-2/python_optimized/zoezi_field/11inbound_receiving_asn_compliance_pipeline/data/raw/inbound_receipts_fort_mcmurray_2026_08_25.json'), PosixPath('/home/sheigh/engineering_hub/02data_engineering/python-phase-2/python_optimized/zoezi_field/11inbound_receiving_asn_compliance_pipeline/data/raw/inbound_receipts_grande_prairie_2026_08_25.json'), PosixPath('/home/sheigh/engineering_hub/02data_engineering/python-phase-2/python_optimized/zoezi_field/11inbound_receiving_asn_compliance_pipeline/data/raw/inbound_receipts_lethbridge_2026_08_25.json'), PosixPath('/home/sheigh/engineering_hub/02data_engineering/python-phase-2/python_optimized/zoezi_field/11inbound_receiving_asn_compliance_pipeline/data/raw/inbound_receipts_medicine_hat_2026_08_25.json'), PosixPath('/home/sheigh/engineering_hub/02data_engineering/python-phase-2/python_optimized/zoezi_field/11inbound_receiving_asn_compliance_pipeline/data/raw/inbound_receipts_red_deer_2026_08_25.json')]
2026-09-04 23:00:36 | INFO     | src.process | Batch process initiated | run_id=inbound_20260905T050036Z | total_files=7
2026-09-04 23:00:36 | DEBUG    | src.process | File processing initiated | run_id=inbound_20260905T050036Z | file=inbound_receipts_calgary_2026_08_25.json
2026-09-04 23:00:36 | INFO     | src.read | Read file initiated | file=inbound_receipts_calgary_2026_08_25.json
2026-09-04 23:00:36 | INFO     | src.read | File read completed | file=inbound_receipts_calgary_2026_08_25.json
2026-09-04 23:00:36 | DEBUG    | src.convert | Conversion initiated | raw_record_count=22
2026-09-04 23:00:36 | INFO     | src.convert | Conversion completed | conversion_error_count=2
2026-09-04 23:00:36 | INFO     | src.invalid_valid | Validation initiated | total_converted_records=22
2026-09-04 23:00:36 | INFO     | src.invalid_valid | Validation completed | valid_count=17 | invalid_count=5
2026-09-04 23:00:36 | INFO     | src.duplicate | Duplicate detection initiated
2026-09-04 23:00:36 | INFO     | src.duplicate | Duplicate detection completed | duplicates_count=1
2026-09-04 23:00:36 | INFO     | src.transform | Transformation initiated
2026-09-04 23:00:36 | INFO     | src.transform | Transformation completed | transformed_count=17
2026-09-04 23:00:36 | INFO     | src.supplier_summary | Supplier summary initiated
2026-09-04 23:00:36 | INFO     | src.supplier_summary | Supplier summary completed | supplier_digest_count=5
2026-09-04 23:00:36 | INFO     | src.warehouse_summary | Warehouse summary initiated
2026-09-04 23:00:36 | INFO     | src.warehouse_summary | Warehouse summary completed | warehouse_digest_count=1
2026-09-04 23:00:36 | DEBUG    | src.write | Output writing initiated | path=/home/sheigh/engineering_hub/02data_engineering/python-phase-2/python_optimized/zoezi_field/11inbound_receiving_asn_compliance_pipeline/data/processed/invalid/inbound_receipts_calgary_2026_08_25_invalid.csv | file=inbound_receipts_calgary_2026_08_25_invalid.csv | file_count=5
2026-09-04 23:00:36 | INFO     | src.write | Output writing completed | path=/home/sheigh/engineering_hub/02data_engineering/python-phase-2/python_optimized/zoezi_field/11inbound_receiving_asn_compliance_pipeline/data/processed/invalid/inbound_receipts_calgary_2026_08_25_invalid.csv | file=inbound_receipts_calgary_2026_08_25_invalid.csv | file_count=5
2026-09-04 23:00:36 | DEBUG    | src.write | Output writing initiated | path=/home/sheigh/engineering_hub/02data_engineering/python-phase-2/python_optimized/zoezi_field/11inbound_receiving_asn_compliance_pipeline/data/processed/valid/inbound_receipts_calgary_2026_08_25_valid.csv | file=inbound_receipts_calgary_2026_08_25_valid.csv | file_count=17
2026-09-04 23:00:36 | INFO     | src.write | Output writing completed | path=/home/sheigh/engineering_hub/02data_engineering/python-phase-2/python_optimized/zoezi_field/11inbound_receiving_asn_compliance_pipeline/data/processed/valid/inbound_receipts_calgary_2026_08_25_valid.csv | file=inbound_receipts_calgary_2026_08_25_valid.csv | file_count=17
2026-09-04 23:00:36 | DEBUG    | src.write | Output writing initiated | path=/home/sheigh/engineering_hub/02data_engineering/python-phase-2/python_optimized/zoezi_field/11inbound_receiving_asn_compliance_pipeline/data/processed/duplicates/inbound_receipts_calgary_2026_08_25_duplicates.csv | file=inbound_receipts_calgary_2026_08_25_duplicates.csv | file_count=1
2026-09-04 23:00:36 | INFO     | src.write | Output writing completed | path=/home/sheigh/engineering_hub/02data_engineering/python-phase-2/python_optimized/zoezi_field/11inbound_receiving_asn_compliance_pipeline/data/processed/duplicates/inbound_receipts_calgary_2026_08_25_duplicates.csv | file=inbound_receipts_calgary_2026_08_25_duplicates.csv | file_count=1
2026-09-04 23:00:36 | DEBUG    | src.write | Output writing initiated | path=/home/sheigh/engineering_hub/02data_engineering/python-phase-2/python_optimized/zoezi_field/11inbound_receiving_asn_compliance_pipeline/data/processed/transformed/inbound_receipts_calgary_2026_08_25_transformed.csv | file=inbound_receipts_calgary_2026_08_25_transformed.csv | file_count=17
2026-09-04 23:00:36 | INFO     | src.write | Output writing completed | path=/home/sheigh/engineering_hub/02data_engineering/python-phase-2/python_optimized/zoezi_field/11inbound_receiving_asn_compliance_pipeline/data/processed/transformed/inbound_receipts_calgary_2026_08_25_transformed.csv | file=inbound_receipts_calgary_2026_08_25_transformed.csv | file_count=17
2026-09-04 23:00:36 | DEBUG    | src.write | Output writing initiated | path=/home/sheigh/engineering_hub/02data_engineering/python-phase-2/python_optimized/zoezi_field/11inbound_receiving_asn_compliance_pipeline/data/processed/summaries/inbound_receipts_calgary_2026_08_25_suppliers_digest.csv | file=inbound_receipts_calgary_2026_08_25_suppliers_digest.csv | file_count=5
2026-09-04 23:00:36 | INFO     | src.write | Output writing completed | path=/home/sheigh/engineering_hub/02data_engineering/python-phase-2/python_optimized/zoezi_field/11inbound_receiving_asn_compliance_pipeline/data/processed/summaries/inbound_receipts_calgary_2026_08_25_suppliers_digest.csv | file=inbound_receipts_calgary_2026_08_25_suppliers_digest.csv | file_count=5
2026-09-04 23:00:36 | DEBUG    | src.write | Output writing initiated | path=/home/sheigh/engineering_hub/02data_engineering/python-phase-2/python_optimized/zoezi_field/11inbound_receiving_asn_compliance_pipeline/data/processed/summaries/inbound_receipts_calgary_2026_08_25_warehouse_digest.csv | file=inbound_receipts_calgary_2026_08_25_warehouse_digest.csv | file_count=1
2026-09-04 23:00:36 | INFO     | src.write | Output writing completed | path=/home/sheigh/engineering_hub/02data_engineering/python-phase-2/python_optimized/zoezi_field/11inbound_receiving_asn_compliance_pipeline/data/processed/summaries/inbound_receipts_calgary_2026_08_25_warehouse_digest.csv | file=inbound_receipts_calgary_2026_08_25_warehouse_digest.csv | file_count=1
2026-09-04 23:00:36 | DEBUG    | src.write | Output writing initiated | path=/home/sheigh/engineering_hub/02data_engineering/python-phase-2/python_optimized/zoezi_field/11inbound_receiving_asn_compliance_pipeline/data/processed/run_summaries/inbound_receipts_calgary_2026_08_25_metrics.csv | file=inbound_receipts_calgary_2026_08_25_metrics.csv | file_count=1
2026-09-04 23:00:36 | INFO     | src.write | Output writing completed | path=/home/sheigh/engineering_hub/02data_engineering/python-phase-2/python_optimized/zoezi_field/11inbound_receiving_asn_compliance_pipeline/data/processed/run_summaries/inbound_receipts_calgary_2026_08_25_metrics.csv | file=inbound_receipts_calgary_2026_08_25_metrics.csv | file_count=1
2026-09-04 23:00:36 | INFO     | src.process | File processing completed | run_id=inbound_20260905T050036Z | file=inbound_receipts_calgary_2026_08_25.json | raw_count=22 | invalid_count=5 | valid_count=17 | duplicates=1 | transformed_count=17 | supplier_sum=5 | warehouse_sum_count=1 | duration_seconds=0.006
2026-09-04 23:00:36 | DEBUG    | src.process | File processing initiated | run_id=inbound_20260905T050036Z | file=inbound_receipts_edmonton_2026_08_25.json
2026-09-04 23:00:36 | INFO     | src.read | Read file initiated | file=inbound_receipts_edmonton_2026_08_25.json
2026-09-04 23:00:36 | INFO     | src.read | File read completed | file=inbound_receipts_edmonton_2026_08_25.json
2026-09-04 23:00:36 | DEBUG    | src.convert | Conversion initiated | raw_record_count=22
2026-09-04 23:00:36 | INFO     | src.convert | Conversion completed | conversion_error_count=4
2026-09-04 23:00:36 | INFO     | src.invalid_valid | Validation initiated | total_converted_records=22
2026-09-04 23:00:36 | INFO     | src.invalid_valid | Validation completed | valid_count=15 | invalid_count=7
2026-09-04 23:00:36 | INFO     | src.duplicate | Duplicate detection initiated
2026-09-04 23:00:36 | INFO     | src.duplicate | Duplicate detection completed | duplicates_count=0
2026-09-04 23:00:36 | INFO     | src.transform | Transformation initiated
2026-09-04 23:00:36 | INFO     | src.transform | Transformation completed | transformed_count=15
2026-09-04 23:00:36 | INFO     | src.supplier_summary | Supplier summary initiated
2026-09-04 23:00:36 | INFO     | src.supplier_summary | Supplier summary completed | supplier_digest_count=5
2026-09-04 23:00:36 | INFO     | src.warehouse_summary | Warehouse summary initiated
2026-09-04 23:00:36 | INFO     | src.warehouse_summary | Warehouse summary completed | warehouse_digest_count=1
2026-09-04 23:00:36 | DEBUG    | src.write | Output writing initiated | path=/home/sheigh/engineering_hub/02data_engineering/python-phase-2/python_optimized/zoezi_field/11inbound_receiving_asn_compliance_pipeline/data/processed/invalid/inbound_receipts_edmonton_2026_08_25_invalid.csv | file=inbound_receipts_edmonton_2026_08_25_invalid.csv | file_count=7
2026-09-04 23:00:36 | INFO     | src.write | Output writing completed | path=/home/sheigh/engineering_hub/02data_engineering/python-phase-2/python_optimized/zoezi_field/11inbound_receiving_asn_compliance_pipeline/data/processed/invalid/inbound_receipts_edmonton_2026_08_25_invalid.csv | file=inbound_receipts_edmonton_2026_08_25_invalid.csv | file_count=7
2026-09-04 23:00:36 | DEBUG    | src.write | Output writing initiated | path=/home/sheigh/engineering_hub/02data_engineering/python-phase-2/python_optimized/zoezi_field/11inbound_receiving_asn_compliance_pipeline/data/processed/valid/inbound_receipts_edmonton_2026_08_25_valid.csv | file=inbound_receipts_edmonton_2026_08_25_valid.csv | file_count=15
2026-09-04 23:00:36 | INFO     | src.write | Output writing completed | path=/home/sheigh/engineering_hub/02data_engineering/python-phase-2/python_optimized/zoezi_field/11inbound_receiving_asn_compliance_pipeline/data/processed/valid/inbound_receipts_edmonton_2026_08_25_valid.csv | file=inbound_receipts_edmonton_2026_08_25_valid.csv | file_count=15
2026-09-04 23:00:36 | DEBUG    | src.write | Output writing initiated | path=/home/sheigh/engineering_hub/02data_engineering/python-phase-2/python_optimized/zoezi_field/11inbound_receiving_asn_compliance_pipeline/data/processed/duplicates/inbound_receipts_edmonton_2026_08_25_duplicates.csv | file=inbound_receipts_edmonton_2026_08_25_duplicates.csv | file_count=0
2026-09-04 23:00:36 | INFO     | src.write | Output writing completed | path=/home/sheigh/engineering_hub/02data_engineering/python-phase-2/python_optimized/zoezi_field/11inbound_receiving_asn_compliance_pipeline/data/processed/duplicates/inbound_receipts_edmonton_2026_08_25_duplicates.csv | file=inbound_receipts_edmonton_2026_08_25_duplicates.csv | file_count=0
2026-09-04 23:00:36 | DEBUG    | src.write | Output writing initiated | path=/home/sheigh/engineering_hub/02data_engineering/python-phase-2/python_optimized/zoezi_field/11inbound_receiving_asn_compliance_pipeline/data/processed/transformed/inbound_receipts_edmonton_2026_08_25_transformed.csv | file=inbound_receipts_edmonton_2026_08_25_transformed.csv | file_count=15
2026-09-04 23:00:36 | INFO     | src.write | Output writing completed | path=/home/sheigh/engineering_hub/02data_engineering/python-phase-2/python_optimized/zoezi_field/11inbound_receiving_asn_compliance_pipeline/data/processed/transformed/inbound_receipts_edmonton_2026_08_25_transformed.csv | file=inbound_receipts_edmonton_2026_08_25_transformed.csv | file_count=15
2026-09-04 23:00:36 | DEBUG    | src.write | Output writing initiated | path=/home/sheigh/engineering_hub/02data_engineering/python-phase-2/python_optimized/zoezi_field/11inbound_receiving_asn_compliance_pipeline/data/processed/summaries/inbound_receipts_edmonton_2026_08_25_suppliers_digest.csv | file=inbound_receipts_edmonton_2026_08_25_suppliers_digest.csv | file_count=5
2026-09-04 23:00:36 | INFO     | src.write | Output writing completed | path=/home/sheigh/engineering_hub/02data_engineering/python-phase-2/python_optimized/zoezi_field/11inbound_receiving_asn_compliance_pipeline/data/processed/summaries/inbound_receipts_edmonton_2026_08_25_suppliers_digest.csv | file=inbound_receipts_edmonton_2026_08_25_suppliers_digest.csv | file_count=5
2026-09-04 23:00:36 | DEBUG    | src.write | Output writing initiated | path=/home/sheigh/engineering_hub/02data_engineering/python-phase-2/python_optimized/zoezi_field/11inbound_receiving_asn_compliance_pipeline/data/processed/summaries/inbound_receipts_edmonton_2026_08_25_warehouse_digest.csv | file=inbound_receipts_edmonton_2026_08_25_warehouse_digest.csv | file_count=1
2026-09-04 23:00:36 | INFO     | src.write | Output writing completed | path=/home/sheigh/engineering_hub/02data_engineering/python-phase-2/python_optimized/zoezi_field/11inbound_receiving_asn_compliance_pipeline/data/processed/summaries/inbound_receipts_edmonton_2026_08_25_warehouse_digest.csv | file=inbound_receipts_edmonton_2026_08_25_warehouse_digest.csv | file_count=1
2026-09-04 23:00:36 | DEBUG    | src.write | Output writing initiated | path=/home/sheigh/engineering_hub/02data_engineering/python-phase-2/python_optimized/zoezi_field/11inbound_receiving_asn_compliance_pipeline/data/processed/run_summaries/inbound_receipts_edmonton_2026_08_25_metrics.csv | file=inbound_receipts_edmonton_2026_08_25_metrics.csv | file_count=1
2026-09-04 23:00:36 | INFO     | src.write | Output writing completed | path=/home/sheigh/engineering_hub/02data_engineering/python-phase-2/python_optimized/zoezi_field/11inbound_receiving_asn_compliance_pipeline/data/processed/run_summaries/inbound_receipts_edmonton_2026_08_25_metrics.csv | file=inbound_receipts_edmonton_2026_08_25_metrics.csv | file_count=1
2026-09-04 23:00:36 | INFO     | src.process | File processing completed | run_id=inbound_20260905T050036Z | file=inbound_receipts_edmonton_2026_08_25.json | raw_count=22 | invalid_count=7 | valid_count=15 | duplicates=0 | transformed_count=15 | supplier_sum=5 | warehouse_sum_count=1 | duration_seconds=0.003
2026-09-04 23:00:36 | DEBUG    | src.process | File processing initiated | run_id=inbound_20260905T050036Z | file=inbound_receipts_fort_mcmurray_2026_08_25.json
2026-09-04 23:00:36 | INFO     | src.read | Read file initiated | file=inbound_receipts_fort_mcmurray_2026_08_25.json
2026-09-04 23:00:36 | INFO     | src.read | File read completed | file=inbound_receipts_fort_mcmurray_2026_08_25.json
2026-09-04 23:00:36 | DEBUG    | src.convert | Conversion initiated | raw_record_count=22
2026-09-04 23:00:36 | INFO     | src.convert | Conversion completed | conversion_error_count=2
2026-09-04 23:00:36 | INFO     | src.invalid_valid | Validation initiated | total_converted_records=22
2026-09-04 23:00:36 | INFO     | src.invalid_valid | Validation completed | valid_count=19 | invalid_count=3
2026-09-04 23:00:36 | INFO     | src.duplicate | Duplicate detection initiated
2026-09-04 23:00:36 | INFO     | src.duplicate | Duplicate detection completed | duplicates_count=0
2026-09-04 23:00:36 | INFO     | src.transform | Transformation initiated
2026-09-04 23:00:36 | INFO     | src.transform | Transformation completed | transformed_count=19
2026-09-04 23:00:36 | INFO     | src.supplier_summary | Supplier summary initiated
2026-09-04 23:00:36 | INFO     | src.supplier_summary | Supplier summary completed | supplier_digest_count=5
2026-09-04 23:00:36 | INFO     | src.warehouse_summary | Warehouse summary initiated
2026-09-04 23:00:36 | INFO     | src.warehouse_summary | Warehouse summary completed | warehouse_digest_count=1
2026-09-04 23:00:36 | DEBUG    | src.write | Output writing initiated | path=/home/sheigh/engineering_hub/02data_engineering/python-phase-2/python_optimized/zoezi_field/11inbound_receiving_asn_compliance_pipeline/data/processed/invalid/inbound_receipts_fort_mcmurray_2026_08_25_invalid.csv | file=inbound_receipts_fort_mcmurray_2026_08_25_invalid.csv | file_count=3
2026-09-04 23:00:36 | INFO     | src.write | Output writing completed | path=/home/sheigh/engineering_hub/02data_engineering/python-phase-2/python_optimized/zoezi_field/11inbound_receiving_asn_compliance_pipeline/data/processed/invalid/inbound_receipts_fort_mcmurray_2026_08_25_invalid.csv | file=inbound_receipts_fort_mcmurray_2026_08_25_invalid.csv | file_count=3
2026-09-04 23:00:36 | DEBUG    | src.write | Output writing initiated | path=/home/sheigh/engineering_hub/02data_engineering/python-phase-2/python_optimized/zoezi_field/11inbound_receiving_asn_compliance_pipeline/data/processed/valid/inbound_receipts_fort_mcmurray_2026_08_25_valid.csv | file=inbound_receipts_fort_mcmurray_2026_08_25_valid.csv | file_count=19
2026-09-04 23:00:36 | INFO     | src.write | Output writing completed | path=/home/sheigh/engineering_hub/02data_engineering/python-phase-2/python_optimized/zoezi_field/11inbound_receiving_asn_compliance_pipeline/data/processed/valid/inbound_receipts_fort_mcmurray_2026_08_25_valid.csv | file=inbound_receipts_fort_mcmurray_2026_08_25_valid.csv | file_count=19
2026-09-04 23:00:36 | DEBUG    | src.write | Output writing initiated | path=/home/sheigh/engineering_hub/02data_engineering/python-phase-2/python_optimized/zoezi_field/11inbound_receiving_asn_compliance_pipeline/data/processed/duplicates/inbound_receipts_fort_mcmurray_2026_08_25_duplicates.csv | file=inbound_receipts_fort_mcmurray_2026_08_25_duplicates.csv | file_count=0
2026-09-04 23:00:36 | INFO     | src.write | Output writing completed | path=/home/sheigh/engineering_hub/02data_engineering/python-phase-2/python_optimized/zoezi_field/11inbound_receiving_asn_compliance_pipeline/data/processed/duplicates/inbound_receipts_fort_mcmurray_2026_08_25_duplicates.csv | file=inbound_receipts_fort_mcmurray_2026_08_25_duplicates.csv | file_count=0
2026-09-04 23:00:36 | DEBUG    | src.write | Output writing initiated | path=/home/sheigh/engineering_hub/02data_engineering/python-phase-2/python_optimized/zoezi_field/11inbound_receiving_asn_compliance_pipeline/data/processed/transformed/inbound_receipts_fort_mcmurray_2026_08_25_transformed.csv | file=inbound_receipts_fort_mcmurray_2026_08_25_transformed.csv | file_count=19
2026-09-04 23:00:36 | INFO     | src.write | Output writing completed | path=/home/sheigh/engineering_hub/02data_engineering/python-phase-2/python_optimized/zoezi_field/11inbound_receiving_asn_compliance_pipeline/data/processed/transformed/inbound_receipts_fort_mcmurray_2026_08_25_transformed.csv | file=inbound_receipts_fort_mcmurray_2026_08_25_transformed.csv | file_count=19
2026-09-04 23:00:36 | DEBUG    | src.write | Output writing initiated | path=/home/sheigh/engineering_hub/02data_engineering/python-phase-2/python_optimized/zoezi_field/11inbound_receiving_asn_compliance_pipeline/data/processed/summaries/inbound_receipts_fort_mcmurray_2026_08_25_suppliers_digest.csv | file=inbound_receipts_fort_mcmurray_2026_08_25_suppliers_digest.csv | file_count=5
2026-09-04 23:00:36 | INFO     | src.write | Output writing completed | path=/home/sheigh/engineering_hub/02data_engineering/python-phase-2/python_optimized/zoezi_field/11inbound_receiving_asn_compliance_pipeline/data/processed/summaries/inbound_receipts_fort_mcmurray_2026_08_25_suppliers_digest.csv | file=inbound_receipts_fort_mcmurray_2026_08_25_suppliers_digest.csv | file_count=5
2026-09-04 23:00:36 | DEBUG    | src.write | Output writing initiated | path=/home/sheigh/engineering_hub/02data_engineering/python-phase-2/python_optimized/zoezi_field/11inbound_receiving_asn_compliance_pipeline/data/processed/summaries/inbound_receipts_fort_mcmurray_2026_08_25_warehouse_digest.csv | file=inbound_receipts_fort_mcmurray_2026_08_25_warehouse_digest.csv | file_count=1
2026-09-04 23:00:36 | INFO     | src.write | Output writing completed | path=/home/sheigh/engineering_hub/02data_engineering/python-phase-2/python_optimized/zoezi_field/11inbound_receiving_asn_compliance_pipeline/data/processed/summaries/inbound_receipts_fort_mcmurray_2026_08_25_warehouse_digest.csv | file=inbound_receipts_fort_mcmurray_2026_08_25_warehouse_digest.csv | file_count=1
2026-09-04 23:00:36 | DEBUG    | src.write | Output writing initiated | path=/home/sheigh/engineering_hub/02data_engineering/python-phase-2/python_optimized/zoezi_field/11inbound_receiving_asn_compliance_pipeline/data/processed/run_summaries/inbound_receipts_fort_mcmurray_2026_08_25_metrics.csv | file=inbound_receipts_fort_mcmurray_2026_08_25_metrics.csv | file_count=1
2026-09-04 23:00:36 | INFO     | src.write | Output writing completed | path=/home/sheigh/engineering_hub/02data_engineering/python-phase-2/python_optimized/zoezi_field/11inbound_receiving_asn_compliance_pipeline/data/processed/run_summaries/inbound_receipts_fort_mcmurray_2026_08_25_metrics.csv | file=inbound_receipts_fort_mcmurray_2026_08_25_metrics.csv | file_count=1
2026-09-04 23:00:36 | INFO     | src.process | File processing completed | run_id=inbound_20260905T050036Z | file=inbound_receipts_fort_mcmurray_2026_08_25.json | raw_count=22 | invalid_count=3 | valid_count=19 | duplicates=0 | transformed_count=19 | supplier_sum=5 | warehouse_sum_count=1 | duration_seconds=0.003
2026-09-04 23:00:36 | DEBUG    | src.process | File processing initiated | run_id=inbound_20260905T050036Z | file=inbound_receipts_grande_prairie_2026_08_25.json
2026-09-04 23:00:36 | INFO     | src.read | Read file initiated | file=inbound_receipts_grande_prairie_2026_08_25.json
2026-09-04 23:00:36 | ERROR    | src.process | File processing failed | run_id=inbound_20260905T050036Z | file=inbound_receipts_grande_prairie_2026_08_25.json | stage=Reading | status=Invalid value during Reading | error=JSONDecodeError | duration_seconds=0.000
Traceback (most recent call last):
  File "/home/sheigh/engineering_hub/02data_engineering/python-phase-2/python_optimized/zoezi_field/11inbound_receiving_asn_compliance_pipeline/src/process.py", line 91, in process_one_file
    raw = read_json_file(record_path)
  File "/home/sheigh/engineering_hub/02data_engineering/python-phase-2/python_optimized/zoezi_field/11inbound_receiving_asn_compliance_pipeline/src/read.py", line 18, in read_json_file
    raw_file = json.load(file)
  File "/usr/lib/python3.14/json/__init__.py", line 298, in load
    return loads(fp.read(),
        cls=cls, object_hook=object_hook,
        parse_float=parse_float, parse_int=parse_int,
        parse_constant=parse_constant, object_pairs_hook=object_pairs_hook, **kw)
  File "/usr/lib/python3.14/json/__init__.py", line 352, in loads
    return _default_decoder.decode(s)
           ~~~~~~~~~~~~~~~~~~~~~~~^^^
  File "/usr/lib/python3.14/json/decoder.py", line 345, in decode
    obj, end = self.raw_decode(s, idx=_w(s, 0).end())
               ~~~~~~~~~~~~~~~^^^^^^^^^^^^^^^^^^^^^^^
  File "/usr/lib/python3.14/json/decoder.py", line 361, in raw_decode
    obj, end = self.scan_once(s, idx)
               ~~~~~~~~~~~~~~^^^^^^^^
json.decoder.JSONDecodeError: Expecting ',' delimiter: line 244 column 3 (char 7087)
2026-09-04 23:00:36 | DEBUG    | src.process | File processing initiated | run_id=inbound_20260905T050036Z | file=inbound_receipts_lethbridge_2026_08_25.json
2026-09-04 23:00:36 | INFO     | src.read | Read file initiated | file=inbound_receipts_lethbridge_2026_08_25.json
2026-09-04 23:00:36 | INFO     | src.read | File read completed | file=inbound_receipts_lethbridge_2026_08_25.json
2026-09-04 23:00:36 | DEBUG    | src.convert | Conversion initiated | raw_record_count=22
2026-09-04 23:00:36 | INFO     | src.convert | Conversion completed | conversion_error_count=3
2026-09-04 23:00:36 | INFO     | src.invalid_valid | Validation initiated | total_converted_records=22
2026-09-04 23:00:36 | INFO     | src.invalid_valid | Validation completed | valid_count=17 | invalid_count=5
2026-09-04 23:00:36 | INFO     | src.duplicate | Duplicate detection initiated
2026-09-04 23:00:36 | INFO     | src.duplicate | Duplicate detection completed | duplicates_count=0
2026-09-04 23:00:36 | INFO     | src.transform | Transformation initiated
2026-09-04 23:00:36 | INFO     | src.transform | Transformation completed | transformed_count=17
2026-09-04 23:00:36 | INFO     | src.supplier_summary | Supplier summary initiated
2026-09-04 23:00:36 | INFO     | src.supplier_summary | Supplier summary completed | supplier_digest_count=5
2026-09-04 23:00:36 | INFO     | src.warehouse_summary | Warehouse summary initiated
2026-09-04 23:00:36 | INFO     | src.warehouse_summary | Warehouse summary completed | warehouse_digest_count=2
2026-09-04 23:00:36 | DEBUG    | src.write | Output writing initiated | path=/home/sheigh/engineering_hub/02data_engineering/python-phase-2/python_optimized/zoezi_field/11inbound_receiving_asn_compliance_pipeline/data/processed/invalid/inbound_receipts_lethbridge_2026_08_25_invalid.csv | file=inbound_receipts_lethbridge_2026_08_25_invalid.csv | file_count=5
2026-09-04 23:00:36 | INFO     | src.write | Output writing completed | path=/home/sheigh/engineering_hub/02data_engineering/python-phase-2/python_optimized/zoezi_field/11inbound_receiving_asn_compliance_pipeline/data/processed/invalid/inbound_receipts_lethbridge_2026_08_25_invalid.csv | file=inbound_receipts_lethbridge_2026_08_25_invalid.csv | file_count=5
2026-09-04 23:00:36 | DEBUG    | src.write | Output writing initiated | path=/home/sheigh/engineering_hub/02data_engineering/python-phase-2/python_optimized/zoezi_field/11inbound_receiving_asn_compliance_pipeline/data/processed/valid/inbound_receipts_lethbridge_2026_08_25_valid.csv | file=inbound_receipts_lethbridge_2026_08_25_valid.csv | file_count=17
2026-09-04 23:00:36 | INFO     | src.write | Output writing completed | path=/home/sheigh/engineering_hub/02data_engineering/python-phase-2/python_optimized/zoezi_field/11inbound_receiving_asn_compliance_pipeline/data/processed/valid/inbound_receipts_lethbridge_2026_08_25_valid.csv | file=inbound_receipts_lethbridge_2026_08_25_valid.csv | file_count=17
2026-09-04 23:00:36 | DEBUG    | src.write | Output writing initiated | path=/home/sheigh/engineering_hub/02data_engineering/python-phase-2/python_optimized/zoezi_field/11inbound_receiving_asn_compliance_pipeline/data/processed/duplicates/inbound_receipts_lethbridge_2026_08_25_duplicates.csv | file=inbound_receipts_lethbridge_2026_08_25_duplicates.csv | file_count=0
2026-09-04 23:00:36 | INFO     | src.write | Output writing completed | path=/home/sheigh/engineering_hub/02data_engineering/python-phase-2/python_optimized/zoezi_field/11inbound_receiving_asn_compliance_pipeline/data/processed/duplicates/inbound_receipts_lethbridge_2026_08_25_duplicates.csv | file=inbound_receipts_lethbridge_2026_08_25_duplicates.csv | file_count=0
2026-09-04 23:00:36 | DEBUG    | src.write | Output writing initiated | path=/home/sheigh/engineering_hub/02data_engineering/python-phase-2/python_optimized/zoezi_field/11inbound_receiving_asn_compliance_pipeline/data/processed/transformed/inbound_receipts_lethbridge_2026_08_25_transformed.csv | file=inbound_receipts_lethbridge_2026_08_25_transformed.csv | file_count=17
2026-09-04 23:00:36 | INFO     | src.write | Output writing completed | path=/home/sheigh/engineering_hub/02data_engineering/python-phase-2/python_optimized/zoezi_field/11inbound_receiving_asn_compliance_pipeline/data/processed/transformed/inbound_receipts_lethbridge_2026_08_25_transformed.csv | file=inbound_receipts_lethbridge_2026_08_25_transformed.csv | file_count=17
2026-09-04 23:00:36 | DEBUG    | src.write | Output writing initiated | path=/home/sheigh/engineering_hub/02data_engineering/python-phase-2/python_optimized/zoezi_field/11inbound_receiving_asn_compliance_pipeline/data/processed/summaries/inbound_receipts_lethbridge_2026_08_25_suppliers_digest.csv | file=inbound_receipts_lethbridge_2026_08_25_suppliers_digest.csv | file_count=5
2026-09-04 23:00:36 | INFO     | src.write | Output writing completed | path=/home/sheigh/engineering_hub/02data_engineering/python-phase-2/python_optimized/zoezi_field/11inbound_receiving_asn_compliance_pipeline/data/processed/summaries/inbound_receipts_lethbridge_2026_08_25_suppliers_digest.csv | file=inbound_receipts_lethbridge_2026_08_25_suppliers_digest.csv | file_count=5
2026-09-04 23:00:36 | DEBUG    | src.write | Output writing initiated | path=/home/sheigh/engineering_hub/02data_engineering/python-phase-2/python_optimized/zoezi_field/11inbound_receiving_asn_compliance_pipeline/data/processed/summaries/inbound_receipts_lethbridge_2026_08_25_warehouse_digest.csv | file=inbound_receipts_lethbridge_2026_08_25_warehouse_digest.csv | file_count=2
2026-09-04 23:00:36 | INFO     | src.write | Output writing completed | path=/home/sheigh/engineering_hub/02data_engineering/python-phase-2/python_optimized/zoezi_field/11inbound_receiving_asn_compliance_pipeline/data/processed/summaries/inbound_receipts_lethbridge_2026_08_25_warehouse_digest.csv | file=inbound_receipts_lethbridge_2026_08_25_warehouse_digest.csv | file_count=2
2026-09-04 23:00:36 | DEBUG    | src.write | Output writing initiated | path=/home/sheigh/engineering_hub/02data_engineering/python-phase-2/python_optimized/zoezi_field/11inbound_receiving_asn_compliance_pipeline/data/processed/run_summaries/inbound_receipts_lethbridge_2026_08_25_metrics.csv | file=inbound_receipts_lethbridge_2026_08_25_metrics.csv | file_count=1
2026-09-04 23:00:36 | INFO     | src.write | Output writing completed | path=/home/sheigh/engineering_hub/02data_engineering/python-phase-2/python_optimized/zoezi_field/11inbound_receiving_asn_compliance_pipeline/data/processed/run_summaries/inbound_receipts_lethbridge_2026_08_25_metrics.csv | file=inbound_receipts_lethbridge_2026_08_25_metrics.csv | file_count=1
2026-09-04 23:00:36 | INFO     | src.process | File processing completed | run_id=inbound_20260905T050036Z | file=inbound_receipts_lethbridge_2026_08_25.json | raw_count=22 | invalid_count=5 | valid_count=17 | duplicates=0 | transformed_count=17 | supplier_sum=5 | warehouse_sum_count=2 | duration_seconds=0.004
2026-09-04 23:00:36 | DEBUG    | src.process | File processing initiated | run_id=inbound_20260905T050036Z | file=inbound_receipts_medicine_hat_2026_08_25.json
2026-09-04 23:00:36 | INFO     | src.read | Read file initiated | file=inbound_receipts_medicine_hat_2026_08_25.json
2026-09-04 23:00:36 | WARNING  | src.read | File is expected to be a list | file=inbound_receipts_medicine_hat_2026_08_25.json
2026-09-04 23:00:36 | ERROR    | src.process | File processing failed | run_id=inbound_20260905T050036Z | file=inbound_receipts_medicine_hat_2026_08_25.json | stage=Reading | status=unexpected data type in Reading | error=TypeError | duration_seconds=0.001
Traceback (most recent call last):
  File "/home/sheigh/engineering_hub/02data_engineering/python-phase-2/python_optimized/zoezi_field/11inbound_receiving_asn_compliance_pipeline/src/process.py", line 91, in process_one_file
    raw = read_json_file(record_path)
  File "/home/sheigh/engineering_hub/02data_engineering/python-phase-2/python_optimized/zoezi_field/11inbound_receiving_asn_compliance_pipeline/src/read.py", line 22, in read_json_file
    raise TypeError(f"{raw_path.name} is expecting a list")
TypeError: inbound_receipts_medicine_hat_2026_08_25.json is expecting a list
2026-09-04 23:00:36 | DEBUG    | src.process | File processing initiated | run_id=inbound_20260905T050036Z | file=inbound_receipts_red_deer_2026_08_25.json
2026-09-04 23:00:36 | INFO     | src.read | Read file initiated | file=inbound_receipts_red_deer_2026_08_25.json
2026-09-04 23:00:36 | INFO     | src.read | File read completed | file=inbound_receipts_red_deer_2026_08_25.json
2026-09-04 23:00:36 | DEBUG    | src.convert | Conversion initiated | raw_record_count=22
2026-09-04 23:00:36 | INFO     | src.convert | Conversion completed | conversion_error_count=2
2026-09-04 23:00:36 | INFO     | src.invalid_valid | Validation initiated | total_converted_records=22
2026-09-04 23:00:36 | INFO     | src.invalid_valid | Validation completed | valid_count=16 | invalid_count=6
2026-09-04 23:00:36 | INFO     | src.duplicate | Duplicate detection initiated
2026-09-04 23:00:36 | INFO     | src.duplicate | Duplicate detection completed | duplicates_count=1
2026-09-04 23:00:36 | INFO     | src.transform | Transformation initiated
2026-09-04 23:00:36 | INFO     | src.transform | Transformation completed | transformed_count=16
2026-09-04 23:00:36 | INFO     | src.supplier_summary | Supplier summary initiated
2026-09-04 23:00:36 | INFO     | src.supplier_summary | Supplier summary completed | supplier_digest_count=5
2026-09-04 23:00:36 | INFO     | src.warehouse_summary | Warehouse summary initiated
2026-09-04 23:00:36 | INFO     | src.warehouse_summary | Warehouse summary completed | warehouse_digest_count=1
2026-09-04 23:00:36 | DEBUG    | src.write | Output writing initiated | path=/home/sheigh/engineering_hub/02data_engineering/python-phase-2/python_optimized/zoezi_field/11inbound_receiving_asn_compliance_pipeline/data/processed/invalid/inbound_receipts_red_deer_2026_08_25_invalid.csv | file=inbound_receipts_red_deer_2026_08_25_invalid.csv | file_count=6
2026-09-04 23:00:36 | INFO     | src.write | Output writing completed | path=/home/sheigh/engineering_hub/02data_engineering/python-phase-2/python_optimized/zoezi_field/11inbound_receiving_asn_compliance_pipeline/data/processed/invalid/inbound_receipts_red_deer_2026_08_25_invalid.csv | file=inbound_receipts_red_deer_2026_08_25_invalid.csv | file_count=6
2026-09-04 23:00:36 | DEBUG    | src.write | Output writing initiated | path=/home/sheigh/engineering_hub/02data_engineering/python-phase-2/python_optimized/zoezi_field/11inbound_receiving_asn_compliance_pipeline/data/processed/valid/inbound_receipts_red_deer_2026_08_25_valid.csv | file=inbound_receipts_red_deer_2026_08_25_valid.csv | file_count=16
2026-09-04 23:00:36 | INFO     | src.write | Output writing completed | path=/home/sheigh/engineering_hub/02data_engineering/python-phase-2/python_optimized/zoezi_field/11inbound_receiving_asn_compliance_pipeline/data/processed/valid/inbound_receipts_red_deer_2026_08_25_valid.csv | file=inbound_receipts_red_deer_2026_08_25_valid.csv | file_count=16
2026-09-04 23:00:36 | DEBUG    | src.write | Output writing initiated | path=/home/sheigh/engineering_hub/02data_engineering/python-phase-2/python_optimized/zoezi_field/11inbound_receiving_asn_compliance_pipeline/data/processed/duplicates/inbound_receipts_red_deer_2026_08_25_duplicates.csv | file=inbound_receipts_red_deer_2026_08_25_duplicates.csv | file_count=1
2026-09-04 23:00:36 | INFO     | src.write | Output writing completed | path=/home/sheigh/engineering_hub/02data_engineering/python-phase-2/python_optimized/zoezi_field/11inbound_receiving_asn_compliance_pipeline/data/processed/duplicates/inbound_receipts_red_deer_2026_08_25_duplicates.csv | file=inbound_receipts_red_deer_2026_08_25_duplicates.csv | file_count=1
2026-09-04 23:00:36 | DEBUG    | src.write | Output writing initiated | path=/home/sheigh/engineering_hub/02data_engineering/python-phase-2/python_optimized/zoezi_field/11inbound_receiving_asn_compliance_pipeline/data/processed/transformed/inbound_receipts_red_deer_2026_08_25_transformed.csv | file=inbound_receipts_red_deer_2026_08_25_transformed.csv | file_count=16
2026-09-04 23:00:36 | INFO     | src.write | Output writing completed | path=/home/sheigh/engineering_hub/02data_engineering/python-phase-2/python_optimized/zoezi_field/11inbound_receiving_asn_compliance_pipeline/data/processed/transformed/inbound_receipts_red_deer_2026_08_25_transformed.csv | file=inbound_receipts_red_deer_2026_08_25_transformed.csv | file_count=16
2026-09-04 23:00:36 | DEBUG    | src.write | Output writing initiated | path=/home/sheigh/engineering_hub/02data_engineering/python-phase-2/python_optimized/zoezi_field/11inbound_receiving_asn_compliance_pipeline/data/processed/summaries/inbound_receipts_red_deer_2026_08_25_suppliers_digest.csv | file=inbound_receipts_red_deer_2026_08_25_suppliers_digest.csv | file_count=5
2026-09-04 23:00:36 | INFO     | src.write | Output writing completed | path=/home/sheigh/engineering_hub/02data_engineering/python-phase-2/python_optimized/zoezi_field/11inbound_receiving_asn_compliance_pipeline/data/processed/summaries/inbound_receipts_red_deer_2026_08_25_suppliers_digest.csv | file=inbound_receipts_red_deer_2026_08_25_suppliers_digest.csv | file_count=5
2026-09-04 23:00:36 | DEBUG    | src.write | Output writing initiated | path=/home/sheigh/engineering_hub/02data_engineering/python-phase-2/python_optimized/zoezi_field/11inbound_receiving_asn_compliance_pipeline/data/processed/summaries/inbound_receipts_red_deer_2026_08_25_warehouse_digest.csv | file=inbound_receipts_red_deer_2026_08_25_warehouse_digest.csv | file_count=1
2026-09-04 23:00:36 | INFO     | src.write | Output writing completed | path=/home/sheigh/engineering_hub/02data_engineering/python-phase-2/python_optimized/zoezi_field/11inbound_receiving_asn_compliance_pipeline/data/processed/summaries/inbound_receipts_red_deer_2026_08_25_warehouse_digest.csv | file=inbound_receipts_red_deer_2026_08_25_warehouse_digest.csv | file_count=1
2026-09-04 23:00:36 | DEBUG    | src.write | Output writing initiated | path=/home/sheigh/engineering_hub/02data_engineering/python-phase-2/python_optimized/zoezi_field/11inbound_receiving_asn_compliance_pipeline/data/processed/run_summaries/inbound_receipts_red_deer_2026_08_25_metrics.csv | file=inbound_receipts_red_deer_2026_08_25_metrics.csv | file_count=1
2026-09-04 23:00:36 | INFO     | src.write | Output writing completed | path=/home/sheigh/engineering_hub/02data_engineering/python-phase-2/python_optimized/zoezi_field/11inbound_receiving_asn_compliance_pipeline/data/processed/run_summaries/inbound_receipts_red_deer_2026_08_25_metrics.csv | file=inbound_receipts_red_deer_2026_08_25_metrics.csv | file_count=1
2026-09-04 23:00:36 | INFO     | src.process | File processing completed | run_id=inbound_20260905T050036Z | file=inbound_receipts_red_deer_2026_08_25.json | raw_count=22 | invalid_count=6 | valid_count=16 | duplicates=1 | transformed_count=16 | supplier_sum=5 | warehouse_sum_count=1 | duration_seconds=0.005
2026-09-04 23:00:36 | INFO     | src.process | Batch process completed | run_id=inbound_20260905T050036Z | total_files=7 | batch_duration=0.027
2026-09-04 23:00:36 | DEBUG    | src.write | Output writing initiated | path=/home/sheigh/engineering_hub/02data_engineering/python-phase-2/python_optimized/zoezi_field/11inbound_receiving_asn_compliance_pipeline/data/processed/run_summaries/all_files_digest.csv | file=all_files_digest.csv | file_count=7
2026-09-04 23:00:36 | INFO     | src.write | Output writing completed | path=/home/sheigh/engineering_hub/02data_engineering/python-phase-2/python_optimized/zoezi_field/11inbound_receiving_asn_compliance_pipeline/data/processed/run_summaries/all_files_digest.csv | file=all_files_digest.csv | file_count=7
2026-09-04 23:00:36 | DEBUG    | src.write | Output writing initiated | path=/home/sheigh/engineering_hub/02data_engineering/python-phase-2/python_optimized/zoezi_field/11inbound_receiving_asn_compliance_pipeline/data/processed/run_summaries/run_digest.csv | file=run_digest.csv | file_count=1
2026-09-04 23:00:36 | INFO     | src.write | Output writing completed | path=/home/sheigh/engineering_hub/02data_engineering/python-phase-2/python_optimized/zoezi_field/11inbound_receiving_asn_compliance_pipeline/data/processed/run_summaries/run_digest.csv | file=run_digest.csv | file_count=1
2026-09-04 23:00:36 | INFO     | __main__ | Pipeline processing completed | run_id=inbound_20260905T050036Z | pipeline=Inbound_receiving_asn_compliance_pipeline | status=PARTIAL SUCCESS
